// Jest Snapshot v1, https://goo.gl/fbAQLP

exports[`Snapshot: 利用規約の同意が表示される 1`] = `
<div>
  <fieldset>
    <legend>
      利用規約の同意
    </legend>
    <label>
      <span>
        <input
          name="agree"
          style="display: none;"
          type="checkbox"
        />
        <span
          style="display: inline-block; text-align: center; width: 24px; height: 24px; border-radius: 4px; cursor: pointer; color: rgb(255, 255, 255); background-color: rgb(204, 204, 204);"
        >
          ✔︎
        </span>
      </span>
      当サービスの
      <a
        href="/terms"
      >
        利用規約
      </a>
      を確認し、これに同意します
    </label>
  </fieldset>
</div>
`;
